// Jest Snapshot v1, https://goo.gl/fbAQLP

exports[`Given an animal service When a request to list all animals is made Then it should return the right data 1`] = `
Array [
  Object {
    "breed": "Bengali",
    "gender": "Female",
    "isVaccinated": true,
    "name": "Manchas",
    "vaccines": Array [
      "rabia",
    ],
  },
]
`;
